// Jest Snapshot v1, https://goo.gl/fbAQLP

exports[`matches snapshot 1`] = `
<DocumentFragment>
  <form>
    <div>
      <label
        for="task"
      >
        Task:
      </label>
      <input
        id="task"
        name="task"
        required=""
        type="text"
        value=""
      />
    </div>
    <button
      type="submit"
    >
      Add Todo
    </button>
  </form>
</DocumentFragment>
`;
