// Jest Snapshot v1, https://goo.gl/fbAQLP

exports[`matches snapshot 1`] = `
<DocumentFragment>
  <div
    class="Todo"
  >
    <span>
      Buy groceries
    </span>
    <button>
      X
    </button>
  </div>
</DocumentFragment>
`;
